// Jest Snapshot v1, https://goo.gl/fbAQLP

exports[`basicFormatter should format message 1`] = `"[INFO] Info"`;

exports[`createLabel should create label with customized colors 1`] = `" SUCCESS "`;

exports[`createLabel should create label with default colors 1`] = `" SUCCESS "`;

exports[`fancyFormatter should format message if instanceof Error 1`] = `
" ERROR  Error: Something went wrong

  at Object.<anonymous> (packages\\\\reporter-console\\\\__tests__\\\\formatter.spec.ts:54:18)
  at Object.asyncJestTest (node_modules\\\\jest-jasmine2\\\\build\\\\jasmineAsyncInstall.js:106:37)
  at node_modules\\\\jest-jasmine2\\\\build\\\\queueRunner.js:45:12
  at new Promise (<anonymous>)
  at mapper (node_modules\\\\jest-jasmine2\\\\build\\\\queueRunner.js:28:19)
  at node_modules\\\\jest-jasmine2\\\\build\\\\queueRunner.js:75:41
  at processTicksAndRejections (internal/process/task_queues.js:93:5)"
`;

exports[`fancyFormatter should format message with custom colors 1`] = `" INFO  Info"`;

exports[`fancyFormatter should format message with default colors 1`] = `" INFO  Info"`;

exports[`fancyFormatter should use cached label 1`] = `" SUCCESS  Success"`;

exports[`fancyFormatter should use cached label 2`] = `" SUCCESS  Success"`;
